[backblue.gif]
[fade.gif]
[index.html]
[b2capi.thyrocare.com/layout/js/jquery.js]
[b2capi.thyrocare.com/layout/plugins/prettyphoto/jquery.prettyPhoto.js]
[b2capi.thyrocare.com/layout/plugins/tools/jquery.tools.min.js]
[b2capi.thyrocare.com/layout/plugins/scrollto/jquery.scroll.to.min.js]
[b2capi.thyrocare.com/layout/plugins/html5.js]
[b2capi.thyrocare.com/layout/plugins/sort/jquery.sort.min.js]
[b2capi.thyrocare.com/layout/js/formvalidation.js]
[b2capi.thyrocare.com/Layout/plugins/AjaxDropDown/select2.js]
[ajax.googleapis.com/ajax/libs/jquery/1.8.3/jquery.min.js]
[cdn.jsdelivr.net/gh/niklasvh/html2canvas@master/dist/html2canvas.min.10.delayed]
[b2capi.thyrocare.com/layout/js/main.js]
[www.google-analytics.com/analytics.js]
[b2capi.thyrocare.com/images/Thyrocare-Logo.png]
[b2capi.thyrocare.com/images/services/Report_Track.jpg]
[b2capi.thyrocare.com/Authenticityaf26.html]
[b2capi.thyrocare.com/layout/images/line_0.png]
[b2capi.thyrocare.com/layout/images/line_1.gif]
[b2capi.thyrocare.com/layout/images/line_2.gif]
[b2capi.thyrocare.com/layout/images/line_3.gif]
[b2capi.thyrocare.com/layout/images/line_5.png]
[b2capi.thyrocare.com/layout/images/marker_1.png]
[b2capi.thyrocare.com/layout/images/marker_2.png]
[b2capi.thyrocare.com/layout/images/marker_3.gif]
[b2capi.thyrocare.com/layout/images/marker_4.gif]
[b2capi.thyrocare.com/layout/images/marker_5.gif]
[b2capi.thyrocare.com/layout/images/marker_7.png]
[b2capi.thyrocare.com/layout/images/bg_block_title_1.jpg]
[b2capi.thyrocare.com/layout/images/icon_breadcrumbs_1.png]
[b2capi.thyrocare.com/layout/images/icon_headings_1.png]
[b2capi.thyrocare.com/layout/images/testimonials_tail_1.png]
[b2capi.thyrocare.com/layout/images/testimonials_tail_2.png]
[b2capi.thyrocare.com/layout/images/icon_rss_1.png]
[b2capi.thyrocare.com/layout/images/icon_tw_1.png]
[b2capi.thyrocare.com/layout/images/icon_message_info.png]
[b2capi.thyrocare.com/layout/images/icon_gallery_dark.png]
[b2capi.thyrocare.com/layout/images/icon_gallery.png]
[b2capi.thyrocare.com/layout/images/bg_search.jpg]
[b2capi.thyrocare.com/layout/images/button_search.png]
[b2capi.thyrocare.com/layout/images/icon_twitter_2.png]
[b2capi.thyrocare.com/layout/images/icon_plus_1.png]
[b2capi.thyrocare.com/layout/images/icon_minus_1.png]
[b2capi.thyrocare.com/layout/images/bg_accordion_2.jpg]
[b2capi.thyrocare.com/layout/images/icon_plus_2.png]
[b2capi.thyrocare.com/layout/images/icon_minus_2.png]
[b2capi.thyrocare.com/layout/images/icon_plus_3.png]
[b2capi.thyrocare.com/layout/images/icon_minus_3.png]
[b2capi.thyrocare.com/layout/images/icon_plus_4.png]
[b2capi.thyrocare.com/layout/images/icon_minus_4.png]
[b2capi.thyrocare.com/layout/images/bg_tabs_1.jpg]
[b2capi.thyrocare.com/layout/images/bg_tabs_1_act.jpg]
[b2capi.thyrocare.com/layout/images/bg_tabs_2.jpg]
[b2capi.thyrocare.com/layout/images/bg_tabs_2_first.jpg]
[b2capi.thyrocare.com/layout/images/icon_tabs_2_0.png]
[b2capi.thyrocare.com/layout/images/icon_tabs_2_1.png]
[b2capi.thyrocare.com/layout/images/icon_tabs_2_2.png]
[b2capi.thyrocare.com/layout/images/icon_tabs_2_3.png]
[b2capi.thyrocare.com/layout/images/icon_tabs_2_4.png]
[b2capi.thyrocare.com/layout/images/icon_tabs_2_5.png]
[b2capi.thyrocare.com/layout/images/icon_tabs_2_6.png]
[b2capi.thyrocare.com/layout/images/bg_tabs_2_act.png]
[b2capi.thyrocare.com/layout/images/bg_tabs_3.jpg]
[b2capi.thyrocare.com/layout/images/icon_comment_1.png]
[b2capi.thyrocare.com/layout/images/bg_tabs_4.jpg]
[b2capi.thyrocare.com/layout/images/sprite_arrow_1.png]
[b2capi.thyrocare.com/layout/images/pic_hover_1.png]
[b2capi.thyrocare.com/layout/images/icon_views_1.png]
[b2capi.thyrocare.com/layout/images/sprite_arrow_2.png]
[b2capi.thyrocare.com/layout/images/sprite_social_4.png]
[b2capi.thyrocare.com/layout/images/arrow_3.gif]
[b2capi.thyrocare.com/layout/images/bg_view_more.gif]
[b2capi.thyrocare.com/layout/images/comments_tail.png]
[b2capi.thyrocare.com/layout/images/bg_field_1.jpg]
[b2capi.thyrocare.com/layout/images/bg_textarea_1.jpg]
[b2capi.thyrocare.com/layout/images/bg_progress.jpg]
[b2capi.thyrocare.com/layout/images/bg_progress_level.jpg]
[b2capi.thyrocare.com/layout/images/bg_stage_1.png]
[b2capi.thyrocare.com/layout/images/sprite_social_5.png]
[b2capi.thyrocare.com/layout/images/icon_services_2_1.png]
[b2capi.thyrocare.com/layout/images/icon_services_2_2.png]
[b2capi.thyrocare.com/layout/images/icon_services_2_3.png]
[b2capi.thyrocare.com/layout/images/icon_services_2_4.png]
[b2capi.thyrocare.com/layout/images/icon_services_3_1.png]
[b2capi.thyrocare.com/layout/images/icon_services_3_2.png]
[b2capi.thyrocare.com/layout/images/icon_services_3_3.png]
[b2capi.thyrocare.com/layout/images/icon_services_3_4.png]
[b2capi.thyrocare.com/layout/images/bg_hover_gallery.png]
[b2capi.thyrocare.com/layout/images/icon_zoom_1.png]
[b2capi.thyrocare.com/layout/images/icon_link_1.png]
[b2capi.thyrocare.com/layout/images/line_portfolio.gif]
[b2capi.thyrocare.com/layout/images/arrow_4.png]
[b2capi.thyrocare.com/layout/images/arrow_6.png]
[b2capi.thyrocare.com/layout/images/arrow_5.png]
[b2capi.thyrocare.com/layout/images/arrow_7.png]
[b2capi.thyrocare.com/layout/images/sprite_balls_1.png]
[b2capi.thyrocare.com/layout/images/sprite_arrow_3.png]
[b2capi.thyrocare.com/layout/images/bg_safari_frame_top.png]
[b2capi.thyrocare.com/layout/images/bg_safari_frame_bottom.png]
[b2capi.thyrocare.com/layout/images/icon_main_1_1.png]
[b2capi.thyrocare.com/layout/images/icon_main_1_2.png]
[b2capi.thyrocare.com/layout/images/icon_main_1_3.png]
[b2capi.thyrocare.com/layout/images/icon_scale_1.gif]
[b2capi.thyrocare.com/layout/images/arrow_1.gif]
[b2capi.thyrocare.com/layout/images/arrow_1_act.gif]
[b2capi.thyrocare.com/layout/images/sprite_social_11.png]
[b2capi.thyrocare.com/layout/images/icon_twitter_1.png]
[b2capi.thyrocare.com/layout/images/sprite_social_6.png]
[b2capi.thyrocare.com/layout/images/arrow_8.png]
[b2capi.thyrocare.com/layout/images/arrow_9.png]
[b2capi.thyrocare.com/layout/images/arrow_2.gif]
[b2capi.thyrocare.com/layout/images/icon_message_error.png]
[b2capi.thyrocare.com/layout/images/icon_close_error.gif]
[b2capi.thyrocare.com/layout/images/icon_close_info.gif]
[b2capi.thyrocare.com/layout/images/icon_message_warning.png]
[b2capi.thyrocare.com/layout/images/icon_close_warning.gif]
[b2capi.thyrocare.com/layout/images/icon_message_success.png]
[b2capi.thyrocare.com/layout/images/icon_close_success.gif]
[b2capi.thyrocare.com/layout/images/tooltip_tail.png]
[b2capi.thyrocare.com/layout/images/sprite_social_2.png]
[b2capi.thyrocare.com/layout/images/sprite_social_3.png]
[b2capi.thyrocare.com/layout/images/bg_slider_block_1.jpg]
[b2capi.thyrocare.com/layout/images/bg_slider_line_1_1.png]
[b2capi.thyrocare.com/layout/images/bg_slider_line_1_2.png]
[b2capi.thyrocare.com/layout/images/sprite_arrow_6.png]
[b2capi.thyrocare.com/layout/images/bg_slider_block_2.jpg]
[b2capi.thyrocare.com/layout/images/bg_slider_line_2_1.png]
[b2capi.thyrocare.com/layout/images/bg_slider_line_2_2.png]
[b2capi.thyrocare.com/layout/images/sprite_arrow_5.png]
[b2capi.thyrocare.com/layout/images/bg_caption_2.png]
[b2capi.thyrocare.com/layout/images/bg_slider_block_3.jpg]
[b2capi.thyrocare.com/layout/images/bg_slider_line_3_1.jpg]
[b2capi.thyrocare.com/layout/images/bg_slider_line_3_2.jpg]
[b2capi.thyrocare.com/layout/images/sprite_arrow_4.png]
[b2capi.thyrocare.com/layout/images/bg_slider_line_4_1.png]
[b2capi.thyrocare.com/layout/images/bg_slider_line_4_2.png]
[b2capi.thyrocare.com/layout/images/bg_caption_4.png]
[b2capi.thyrocare.com/layout/images/bg_slider_line_5_1.jpg]
[b2capi.thyrocare.com/layout/images/bg_caption_5.png]
[b2capi.thyrocare.com/layout/images/sprite_arrow_7.png]
[b2capi.thyrocare.com/layout/images/bg_slider_line_6_1.jpg]
[b2capi.thyrocare.com/layout/images/bg_slider_line_6_2.jpg]
[b2capi.thyrocare.com/layout/images/bg_caption_6.png]
[b2capi.thyrocare.com/layout/images/line_0_dark.png]
[b2capi.thyrocare.com/layout/images/line_1_dark.gif]
[b2capi.thyrocare.com/layout/images/line_2_dark.gif]
[b2capi.thyrocare.com/layout/images/line_3_dark.gif]
[b2capi.thyrocare.com/layout/images/line_5_dark.png]
[b2capi.thyrocare.com/layout/images/bg_block_title_1_dark.jpg]
[b2capi.thyrocare.com/layout/images/icon_breadcrumbs_1_dark.png]
[b2capi.thyrocare.com/layout/images/icon_main_1_1_dark.png]
[b2capi.thyrocare.com/layout/images/icon_main_1_2_dark.png]
[b2capi.thyrocare.com/layout/images/icon_main_1_3_dark.png]
[b2capi.thyrocare.com/layout/images/testimonials_tail_1_dark.png]
[b2capi.thyrocare.com/layout/images/testimonials_tail_2_dark.png]
[b2capi.thyrocare.com/layout/images/bg_slider_block_1_dark.jpg]
[b2capi.thyrocare.com/layout/images/bg_slider_line_1_1_dark.png]
[b2capi.thyrocare.com/layout/images/bg_slider_line_1_2_dark.png]
[b2capi.thyrocare.com/layout/images/bg_slider_block_2_dark.jpg]
[b2capi.thyrocare.com/layout/images/bg_slider_line_2_1_dark.png]
[b2capi.thyrocare.com/layout/images/bg_slider_line_2_2_dark.png]
[b2capi.thyrocare.com/layout/images/bg_slider_block_3_dark.jpg]
[b2capi.thyrocare.com/layout/images/bg_slider_line_3_1_dark.jpg]
[b2capi.thyrocare.com/layout/images/bg_slider_line_3_2_dark.jpg]
[b2capi.thyrocare.com/layout/images/bg_slider_line_4_1_dark.png]
[b2capi.thyrocare.com/layout/images/bg_slider_line_4_2_dark.png]
[b2capi.thyrocare.com/layout/images/bg_progress_dark.jpg]
[b2capi.thyrocare.com/layout/images/sprite_social_5_dark.png]
[b2capi.thyrocare.com/layout/images/bg_accordion_2_dark.jpg]
[b2capi.thyrocare.com/layout/images/bg_search_dark.jpg]
[b2capi.thyrocare.com/layout/images/button_search_dark.png]
[b2capi.thyrocare.com/layout/images/bg_view_more_dark.gif]
[b2capi.thyrocare.com/layout/images/comments_tail_dark.png]
[b2capi.thyrocare.com/layout/images/bg_field_1_dark.jpg]
[b2capi.thyrocare.com/layout/images/bg_textarea_1_dark.jpg]
[b2capi.thyrocare.com/layout/images/bg_tabs_1_dark.jpg]
[b2capi.thyrocare.com/layout/images/bg_tabs_3_dark.jpg]
[b2capi.thyrocare.com/layout/images/icon_comment_1_dark.png]
[b2capi.thyrocare.com/layout/images/bg_tabs_4_dark.jpg]
[b2capi.thyrocare.com/layout/images/line_portfolio_dark.gif]
[b2capi.thyrocare.com/layout/images/arrow_4_dark.png]
[b2capi.thyrocare.com/layout/images/arrow_5_dark.png]
[b2capi.thyrocare.com/layout/images/tooltip_tail_dark.png]
[b2capi.thyrocare.com/layout/images/icon_twitter_1_inv.png]
[b2capi.thyrocare.com/layout/images/arrow_1_inv.gif]
[b2capi.thyrocare.com/layout/images/sprite_arrow_1_green.png]
[b2capi.thyrocare.com/layout/images/sprite_arrow_4_green.png]
[b2capi.thyrocare.com/layout/images/sprite_arrow_5_green.png]
[b2capi.thyrocare.com/layout/images/sprite_arrow_6_green.png]
[b2capi.thyrocare.com/layout/images/icon_minus_1_green.png]
[b2capi.thyrocare.com/layout/images/icon_minus_2_green.png]
[b2capi.thyrocare.com/layout/images/icon_minus_3_green.png]
[b2capi.thyrocare.com/layout/images/icon_minus_4_green.png]
[b2capi.thyrocare.com/layout/images/arrow_2_green.gif]
[b2capi.thyrocare.com/layout/images/icon_scale_1_green.gif]
[b2capi.thyrocare.com/layout/images/icon_headings_1_green.png]
[b2capi.thyrocare.com/layout/images/bg_progress_level_green.jpg]
[b2capi.thyrocare.com/layout/images/bg_stage_1_green.png]
[b2capi.thyrocare.com/layout/images/sprite_balls_1_green.png]
[b2capi.thyrocare.com/layout/images/arrow_6_green.png]
[b2capi.thyrocare.com/layout/images/arrow_7_green.png]
[b2capi.thyrocare.com/layout/images/marker_2_green.png]
[b2capi.thyrocare.com/layout/images/marker_3_green.gif]
[b2capi.thyrocare.com/layout/images/marker_4_green.gif]
[b2capi.thyrocare.com/layout/images/marker_5_green.gif]
[b2capi.thyrocare.com/layout/images/marker_7_green.png]
[b2capi.thyrocare.com/layout/images/sprite_arrow_1_blue.png]
[b2capi.thyrocare.com/layout/images/sprite_arrow_4_blue.png]
[b2capi.thyrocare.com/layout/images/sprite_arrow_5_blue.png]
[b2capi.thyrocare.com/layout/images/sprite_arrow_6_blue.png]
[b2capi.thyrocare.com/layout/images/icon_minus_1_blue.png]
[b2capi.thyrocare.com/layout/images/icon_minus_2_blue.png]
[b2capi.thyrocare.com/layout/images/icon_minus_3_blue.png]
[b2capi.thyrocare.com/layout/images/icon_minus_4_blue.png]
[b2capi.thyrocare.com/layout/images/arrow_2_blue.gif]
[b2capi.thyrocare.com/layout/images/icon_scale_1_blue.gif]
[b2capi.thyrocare.com/layout/images/icon_headings_1_blue.png]
[b2capi.thyrocare.com/layout/images/bg_progress_level_blue.jpg]
[b2capi.thyrocare.com/layout/images/bg_stage_1_blue.png]
[b2capi.thyrocare.com/layout/images/sprite_balls_1_blue.png]
[b2capi.thyrocare.com/layout/images/arrow_6_blue.png]
[b2capi.thyrocare.com/layout/images/arrow_7_blue.png]
[b2capi.thyrocare.com/layout/images/marker_2_blue.png]
[b2capi.thyrocare.com/layout/images/marker_3_blue.gif]
[b2capi.thyrocare.com/layout/images/marker_4_blue.gif]
[b2capi.thyrocare.com/layout/images/marker_5_blue.gif]
[b2capi.thyrocare.com/layout/images/marker_7_blue.png]
[b2capi.thyrocare.com/layout/images/sprite_arrow_1_peach.png]
[b2capi.thyrocare.com/layout/images/sprite_arrow_4_peach.png]
[b2capi.thyrocare.com/layout/images/sprite_arrow_5_peach.png]
[b2capi.thyrocare.com/layout/images/sprite_arrow_6_peach.png]
[b2capi.thyrocare.com/layout/images/icon_minus_1_peach.png]
[b2capi.thyrocare.com/layout/images/icon_minus_2_peach.png]
[b2capi.thyrocare.com/layout/images/icon_minus_3_peach.png]
[b2capi.thyrocare.com/layout/images/icon_minus_4_peach.png]
[b2capi.thyrocare.com/layout/images/arrow_2_peach.gif]
[b2capi.thyrocare.com/layout/images/icon_scale_1_peach.gif]
[b2capi.thyrocare.com/layout/images/icon_headings_1_peach.png]
[b2capi.thyrocare.com/layout/images/bg_progress_level_peach.jpg]
[b2capi.thyrocare.com/layout/images/bg_stage_1_peach.png]
[b2capi.thyrocare.com/layout/images/sprite_balls_1_peach.png]
[b2capi.thyrocare.com/layout/images/arrow_6_peach.png]
[b2capi.thyrocare.com/layout/images/arrow_7_peach.png]
[b2capi.thyrocare.com/layout/images/marker_2_peach.png]
[b2capi.thyrocare.com/layout/images/marker_3_peach.gif]
[b2capi.thyrocare.com/layout/images/marker_4_peach.gif]
[b2capi.thyrocare.com/layout/images/marker_5_peach.gif]
[b2capi.thyrocare.com/layout/images/marker_7_peach.png]
[b2capi.thyrocare.com/layout/images/sprite_arrow_1_navy.png]
[b2capi.thyrocare.com/layout/images/sprite_arrow_4_navy.png]
[b2capi.thyrocare.com/layout/images/sprite_arrow_5_navy.png]
[b2capi.thyrocare.com/layout/images/sprite_arrow_6_navy.png]
[b2capi.thyrocare.com/layout/images/icon_minus_1_navy.png]
[b2capi.thyrocare.com/layout/images/icon_minus_2_navy.png]
[b2capi.thyrocare.com/layout/images/icon_minus_3_navy.png]
[b2capi.thyrocare.com/layout/images/icon_minus_4_navy.png]
[b2capi.thyrocare.com/layout/images/arrow_2_navy.gif]
[b2capi.thyrocare.com/layout/images/icon_scale_1_navy.gif]
[b2capi.thyrocare.com/layout/images/icon_headings_1_navy.png]
[b2capi.thyrocare.com/layout/images/bg_progress_level_navy.jpg]
[b2capi.thyrocare.com/layout/images/bg_stage_1_navy.png]
[b2capi.thyrocare.com/layout/images/sprite_balls_1_navy.png]
[b2capi.thyrocare.com/layout/images/arrow_6_navy.png]
[b2capi.thyrocare.com/layout/images/arrow_7_navy.png]
[b2capi.thyrocare.com/layout/images/marker_2_navy.png]
[b2capi.thyrocare.com/layout/images/marker_3_navy.gif]
[b2capi.thyrocare.com/layout/images/marker_4_navy.gif]
[b2capi.thyrocare.com/layout/images/marker_5_navy.gif]
[b2capi.thyrocare.com/layout/images/marker_7_navy.png]
[b2capi.thyrocare.com/layout/images/sprite_arrow_1_red.png]
[b2capi.thyrocare.com/layout/images/sprite_arrow_4_red.png]
[b2capi.thyrocare.com/layout/images/sprite_arrow_5_red.png]
[b2capi.thyrocare.com/layout/images/sprite_arrow_6_red.png]
[b2capi.thyrocare.com/layout/images/icon_minus_1_red.png]
[b2capi.thyrocare.com/layout/images/icon_minus_2_red.png]
[b2capi.thyrocare.com/layout/images/icon_minus_3_red.png]
[b2capi.thyrocare.com/layout/images/icon_minus_4_red.png]
[b2capi.thyrocare.com/layout/images/arrow_2_red.gif]
[b2capi.thyrocare.com/layout/images/icon_scale_1_red.gif]
[b2capi.thyrocare.com/layout/images/icon_headings_1_red.png]
[b2capi.thyrocare.com/layout/images/bg_progress_level_red.jpg]
[b2capi.thyrocare.com/layout/images/bg_stage_1_red.png]
[b2capi.thyrocare.com/layout/images/sprite_balls_1_red.png]
[b2capi.thyrocare.com/layout/images/arrow_6_red.png]
[b2capi.thyrocare.com/layout/images/arrow_7_red.png]
[b2capi.thyrocare.com/layout/images/marker_2_red.png]
[b2capi.thyrocare.com/layout/images/marker_3_red.gif]
[b2capi.thyrocare.com/layout/images/marker_4_red.gif]
[b2capi.thyrocare.com/layout/images/marker_5_red.gif]
[b2capi.thyrocare.com/layout/images/marker_7_red.png]
[b2capi.thyrocare.com/layout/images/sprite_arrow_1_purple.png]
[b2capi.thyrocare.com/layout/images/sprite_arrow_4_purple.png]
[b2capi.thyrocare.com/layout/images/sprite_arrow_5_purple.png]
[b2capi.thyrocare.com/layout/images/sprite_arrow_6_purple.png]
[b2capi.thyrocare.com/layout/images/icon_minus_1_purple.png]
[b2capi.thyrocare.com/layout/images/icon_minus_2_purple.png]
[b2capi.thyrocare.com/layout/images/icon_minus_3_purple.png]
[b2capi.thyrocare.com/layout/images/icon_minus_4_purple.png]
[b2capi.thyrocare.com/layout/images/arrow_2_purple.gif]
[b2capi.thyrocare.com/layout/images/icon_scale_1_purple.gif]
[b2capi.thyrocare.com/layout/images/icon_headings_1_purple.png]
[b2capi.thyrocare.com/layout/images/bg_progress_level_purple.jpg]
[b2capi.thyrocare.com/layout/images/bg_stage_1_purple.png]
[b2capi.thyrocare.com/layout/images/sprite_balls_1_purple.png]
[b2capi.thyrocare.com/layout/images/arrow_6_purple.png]
[b2capi.thyrocare.com/layout/images/arrow_7_purple.png]
[b2capi.thyrocare.com/layout/images/marker_2_purple.png]
[b2capi.thyrocare.com/layout/images/marker_3_purple.gif]
[b2capi.thyrocare.com/layout/images/marker_4_purple.gif]
[b2capi.thyrocare.com/layout/images/marker_5_purple.gif]
[b2capi.thyrocare.com/layout/images/marker_7_purple.png]
[b2capi.thyrocare.com/layout/images/bg_boxed_type_1.jpg]
[b2capi.thyrocare.com/layout/images/bg_boxed_type_2.jpg]
[b2capi.thyrocare.com/layout/images/bg_boxed_type_3.jpg]
[b2capi.thyrocare.com/layout/images/bg_boxed_type_4.jpg]
[b2capi.thyrocare.com/layout/images/bg_boxed_type_5.jpg]
[b2capi.thyrocare.com/layout/images/bg_boxed_type_6.jpg]
[b2capi.thyrocare.com/layout/images/bg_boxed_type_7.jpg]
[b2capi.thyrocare.com/layout/images/bg_boxed_type_8.jpg]
[b2capi.thyrocare.com/layout/images/bg_boxed_type_9.jpg]
[b2capi.thyrocare.com/layout/images/bg_boxed_type_10.jpg]
[b2capi.thyrocare.com/layout/images/bg_boxed_type_11.jpg]
[b2capi.thyrocare.com/layout/images/bg_boxed_type_12.jpg]
[b2capi.thyrocare.com/layout/style.css]
[b2capi.thyrocare.com/layout/images/ui-bg_highlight-soft_75_cccccc_1x100.png]
[b2capi.thyrocare.com/layout/images/ui-bg_glass_75_e6e6e6_1x400.png]
[b2capi.thyrocare.com/layout/images/ui-bg_glass_75_dadada_1x400.png]
[b2capi.thyrocare.com/layout/images/ui-bg_glass_65_ffffff_1x400.png]
[b2capi.thyrocare.com/layout/images/ui-bg_glass_55_fbf9ee_1x400.png]
[b2capi.thyrocare.com/layout/images/ui-icons_222222_256x240.png]
[b2capi.thyrocare.com/layout/images/ui-icons_888888_256x240.png]
[b2capi.thyrocare.com/layout/images/ui-icons_454545_256x240.png]
[b2capi.thyrocare.com/layout/images/ui-icons_2e83ff_256x240.png]
[b2capi.thyrocare.com/layout/images/ui-icons_cd0a0a_256x240.png]
[b2capi.thyrocare.com/layout/images/ui-bg_flat_0_aaaaaa_40x100.png]
[b2capi.thyrocare.com/layout/formvalidation.css]
[b2capi.thyrocare.com/layout/plugins/prettyphoto/images/prettyPhoto/default/sprite.png]
[b2capi.thyrocare.com/layout/plugins/prettyphoto/images/prettyPhoto/default/sprite_x.png]
[b2capi.thyrocare.com/layout/plugins/prettyphoto/images/prettyPhoto/default/sprite_y.png]
[b2capi.thyrocare.com/layout/plugins/prettyphoto/images/prettyPhoto/default/sprite_next.png]
[b2capi.thyrocare.com/layout/plugins/prettyphoto/images/prettyPhoto/default/sprite_prev.png]
[b2capi.thyrocare.com/layout/plugins/prettyphoto/images/prettyPhoto/default/default_thumb.png]
[b2capi.thyrocare.com/layout/plugins/prettyphoto/images/prettyPhoto/default/loader.gif]
[b2capi.thyrocare.com/layout/plugins/prettyphoto/images/prettyPhoto/light_rounded/sprite.png]
[b2capi.thyrocare.com/layout/plugins/prettyphoto/images/prettyPhoto/light_rounded/btnNext.png]
[b2capi.thyrocare.com/layout/plugins/prettyphoto/images/prettyPhoto/light_rounded/btnPrevious.png]
[b2capi.thyrocare.com/layout/plugins/prettyphoto/images/prettyPhoto/dark_rounded/sprite.png]
[b2capi.thyrocare.com/layout/plugins/prettyphoto/images/prettyPhoto/dark_rounded/contentPattern.png]
[b2capi.thyrocare.com/layout/plugins/prettyphoto/images/prettyPhoto/dark_rounded/btnNext.png]
[b2capi.thyrocare.com/layout/plugins/prettyphoto/images/prettyPhoto/dark_rounded/btnPrevious.png]
[b2capi.thyrocare.com/layout/plugins/prettyphoto/images/prettyPhoto/dark_rounded/loader.gif]
[b2capi.thyrocare.com/layout/plugins/prettyphoto/images/prettyPhoto/dark_square/loader.gif]
[b2capi.thyrocare.com/layout/plugins/prettyphoto/images/prettyPhoto/dark_square/sprite.png]
[b2capi.thyrocare.com/layout/plugins/prettyphoto/images/prettyPhoto/dark_square/btnNext.png]
[b2capi.thyrocare.com/layout/plugins/prettyphoto/images/prettyPhoto/dark_square/btnPrevious.png]
[b2capi.thyrocare.com/layout/plugins/prettyphoto/images/prettyPhoto/light_square/sprite.png]
[b2capi.thyrocare.com/layout/plugins/prettyphoto/images/prettyPhoto/light_square/btnNext.png]
[b2capi.thyrocare.com/layout/plugins/prettyphoto/images/prettyPhoto/light_square/btnPrevious.png]
[b2capi.thyrocare.com/layout/plugins/prettyphoto/images/prettyPhoto/facebook/sprite.png]
[b2capi.thyrocare.com/layout/plugins/prettyphoto/images/prettyPhoto/facebook/contentPatternTop.png]
[b2capi.thyrocare.com/layout/plugins/prettyphoto/images/prettyPhoto/facebook/contentPatternLeft.png]
[b2capi.thyrocare.com/layout/plugins/prettyphoto/images/prettyPhoto/facebook/contentPatternRight.png]
[b2capi.thyrocare.com/layout/plugins/prettyphoto/images/prettyPhoto/facebook/loader.gif]
[b2capi.thyrocare.com/layout/plugins/prettyphoto/images/prettyPhoto/facebook/btnNext.png]
[b2capi.thyrocare.com/layout/plugins/prettyphoto/images/prettyPhoto/facebook/btnPrevious.png]
[b2capi.thyrocare.com/layout/plugins/prettyphoto/images/prettyPhoto/facebook/contentPatternBottom.png]
[b2capi.thyrocare.com/layout/plugins/prettyphoto/images/prettyPhoto/facebook/default_thumbnail.gif]
[b2capi.thyrocare.com/layout/plugins/prettyphoto/images/prettyPhoto/light_rounded/loader.gif]
[b2capi.thyrocare.com/layout/plugins/prettyphoto/css/prettyPhoto.css]
[b2capi.thyrocare.com/Layout/plugins/AjaxDropDown/select2.png]
[b2capi.thyrocare.com/Layout/plugins/AjaxDropDown/select2.css]
[b2capi.thyrocare.com/Layout/js/scripts-jquery-1.9.1.html]
[cdn.jsdelivr.net/gh/niklasvh/html2canvas@master/dist/html2canvas.min.js]
[b2capi.thyrocare.com/menuccc6.html]
[b2capi.thyrocare.com/footer_inner.html]
[b2capi.thyrocare.com/menu3887.html]
[b2capi.thyrocare.com/images/favicon.ico]
[ajax.googleapis.com/ajax/libs/jquery/1.11.1/jquery.js]
[b2capi.thyrocare.com/layout/plugins/flexslider/jquery.flexslider-min.js]
[code.jquery.com/jquery-1.10.2.js]
[b2capi.thyrocare.com/layout/plugins/onebyone/jquery.onebyone.min.js]
[b2capi.thyrocare.com/layout/plugins/bxslider/jquery.bxslider.min.js]
[b2capi.thyrocare.com/Images/Home/SMS Thyrocare.jpg]
[b2capi.thyrocare.com/Images/Home/Now in India For ENDTB2025_Thyrocare Website.jpg]
[b2capi.thyrocare.com/Images/Home/UPS_Thyrocare.jpg]
[b2capi.thyrocare.com/Images/Home/Antibody_1022 x 356.jpg]
[b2capi.thyrocare.com/Images/Home/banner_1022X356_1.jpg]
[b2capi.thyrocare.com/Images/Home/icon_services_1_1.png]
[b2capi.thyrocare.com/Images/Home/icon_services_1_2.png]
[b2capi.thyrocare.com/Images/Home/icon_services_1_3.png]
[b2capi.thyrocare.com/Images/Home/Home_Customer.jpg]
[b2capi.thyrocare.com/Images/Home/Home_Dr.jpg]
[b2capi.thyrocare.com/images/Home/Home_corporate.jpg]
[b2capi.thyrocare.com/images/Home/Home_DSA.jpg]
[b2capi.thyrocare.com/images/home/Home_Outlet.jpg]
[b2capi.thyrocare.com/images/home/Home_Opportunities.jpg]
[b2capi.thyrocare.com/images/home/Home_ReportTrack.jpg]
[b2capi.thyrocare.com/images/home/home_HS.png]
[b2capi.thyrocare.com/images/home/Home_CAP.jpg]
[b2capi.thyrocare.com/images/home/Home_LT1.jpg]
[b2capi.thyrocare.com/index.html]
[b2capi.thyrocare.com/sitemap.html]
[b2capi.thyrocare.com/Best_Viewed.html]
[b2capi.thyrocare.com/Terms.html]
[b2capi.thyrocare.com/Privacy_Policy.html]
[b2capi.thyrocare.com/layout/layout/plugins/PIE.html]
[b2capi.thyrocare.com/layout/images/icon_message_fail.html]
[b2capi.thyrocare.com/layout/images/animated-overlay.html]
[b2capi.thyrocare.com/layout/images/ui-bg_flat_75_ffffff_40x100.html]
[b2capi.thyrocare.com/layout/images/ui-bg_glass_95_fef1ec_1x400.html]
[b2capi.thyrocare.com/Layout/plugins/AjaxDropDown/spinner.html]
[b2capi.thyrocare.com/Layout/plugins/AjaxDropDown/select2x2.html]
[b2capi.thyrocare.com/layout/plugins/flexslider/flexslider.css]
[b2capi.thyrocare.com/layout/plugins/onebyone/css/jquery.onebyone.css]
[b2capi.thyrocare.com/layout/plugins/onebyone/css/animate.css]
[b2capi.thyrocare.com/layout/plugins/bxslider/images/bx_loader.gif]
[b2capi.thyrocare.com/layout/plugins/bxslider/images/controls.png]
[b2capi.thyrocare.com/layout/plugins/bxslider/jquery.bxslider.css]
[b2capi.thyrocare.com/menu.html]
[b2capi.thyrocare.com/footer.html]
[b2capi.thyrocare.com/expanding_partner/We_are_expanding.html]
[b2capi.thyrocare.com/expanding_partner/images/banner.html]
[b2capi.thyrocare.com/Test_Menu.html]
[b2capi.thyrocare.com/Technologies.html]
[b2capi.thyrocare.com/Instruments.html]
[b2capi.thyrocare.com/Client_Entry.html]
[b2capi.thyrocare.com/Corporate_Enquiry.html]
[b2capi.thyrocare.com/Career.html]
[b2capi.thyrocare.com/Report_Track.html]
[b2capi.thyrocare.com/HS_list.html]
[b2capi.thyrocare.com/Accreditation.html]
[b2capi.thyrocare.com/Laboratory.html]
[b2capi.thyrocare.com/Best.html]
